// Jest Snapshot v1, https://goo.gl/fbAQLP

exports[`Pruebas en el componente <GifGrifItem/> Deberia hacer match con el snapshot  1`] = `
<div>
  <div
    class="card animate__animated animate__bounce"
  >
    <img
      alt="saitama"
      src="url"
    />
    <p>
       
      saitama
       
    </p>
  </div>
</div>
`;
